2026-05-08 16:06:26,474 - utils.logger - INFO - Starting Smart City Management System...
2026-05-08 16:06:26,475 - utils.logger - WARNING - PyODBC not available. Database operations will fail.
2026-05-08 16:06:26,475 - utils.logger - INFO - Database connection established
2026-05-08 16:06:26,524 - utils.logger - INFO - Application launched successfully
2026-05-08 16:07:17,475 - utils.logger - ERROR - Query execution failed: 'NoneType' object has no attribute 'execute'
2026-05-08 16:07:17,475 - utils.logger - ERROR - Authentication error: Query execution failed: 'NoneType' object has no attribute 'execute'
2026-05-08 16:07:17,475 - utils.logger - ERROR - Login error: Query execution failed: 'NoneType' object has no attribute 'execute'
2026-05-08 16:07:36,969 - utils.logger - ERROR - Query execution failed: 'NoneType' object has no attribute 'execute'
2026-05-08 16:07:36,969 - utils.logger - ERROR - Authentication error: Query execution failed: 'NoneType' object has no attribute 'execute'
2026-05-08 16:07:36,969 - utils.logger - ERROR - Login error: Query execution failed: 'NoneType' object has no attribute 'execute'
2026-05-08 16:07:37,145 - utils.logger - ERROR - Query execution failed: 'NoneType' object has no attribute 'execute'
2026-05-08 16:07:37,145 - utils.logger - ERROR - Authentication error: Query execution failed: 'NoneType' object has no attribute 'execute'
2026-05-08 16:07:37,145 - utils.logger - ERROR - Login error: Query execution failed: 'NoneType' object has no attribute 'execute'
2026-05-08 16:07:37,327 - utils.logger - ERROR - Query execution failed: 'NoneType' object has no attribute 'execute'
2026-05-08 16:07:37,327 - utils.logger - ERROR - Authentication error: Query execution failed: 'NoneType' object has no attribute 'execute'
2026-05-08 16:07:37,327 - utils.logger - ERROR - Login error: Query execution failed: 'NoneType' object has no attribute 'execute'
2026-05-08 16:07:37,509 - utils.logger - ERROR - Query execution failed: 'NoneType' object has no attribute 'execute'
2026-05-08 16:07:37,509 - utils.logger - ERROR - Authentication error: Query execution failed: 'NoneType' object has no attribute 'execute'
2026-05-08 16:07:37,509 - utils.logger - ERROR - Login error: Query execution failed: 'NoneType' object has no attribute 'execute'
2026-05-08 16:07:37,690 - utils.logger - ERROR - Query execution failed: 'NoneType' object has no attribute 'execute'
2026-05-08 16:07:37,690 - utils.logger - ERROR - Authentication error: Query execution failed: 'NoneType' object has no attribute 'execute'
2026-05-08 16:07:37,690 - utils.logger - ERROR - Login error: Query execution failed: 'NoneType' object has no attribute 'execute'
2026-05-08 16:08:16,730 - utils.logger - ERROR - Query execution failed: 'NoneType' object has no attribute 'execute'
2026-05-08 16:08:16,730 - utils.logger - ERROR - Authentication error: Query execution failed: 'NoneType' object has no attribute 'execute'
2026-05-08 16:08:16,730 - utils.logger - ERROR - Login error: Query execution failed: 'NoneType' object has no attribute 'execute'
2026-05-08 16:08:16,897 - utils.logger - ERROR - Query execution failed: 'NoneType' object has no attribute 'execute'
2026-05-08 16:08:16,897 - utils.logger - ERROR - Authentication error: Query execution failed: 'NoneType' object has no attribute 'execute'
2026-05-08 16:08:16,897 - utils.logger - ERROR - Login error: Query execution failed: 'NoneType' object has no attribute 'execute'
2026-05-08 16:08:17,073 - utils.logger - ERROR - Query execution failed: 'NoneType' object has no attribute 'execute'
2026-05-08 16:08:17,073 - utils.logger - ERROR - Authentication error: Query execution failed: 'NoneType' object has no attribute 'execute'
2026-05-08 16:08:17,073 - utils.logger - ERROR - Login error: Query execution failed: 'NoneType' object has no attribute 'execute'
2026-05-08 16:08:17,262 - utils.logger - ERROR - Query execution failed: 'NoneType' object has no attribute 'execute'
2026-05-08 16:08:17,262 - utils.logger - ERROR - Authentication error: Query execution failed: 'NoneType' object has no attribute 'execute'
2026-05-08 16:08:17,262 - utils.logger - ERROR - Login error: Query execution failed: 'NoneType' object has no attribute 'execute'
2026-05-08 16:08:17,442 - utils.logger - ERROR - Query execution failed: 'NoneType' object has no attribute 'execute'
2026-05-08 16:08:17,443 - utils.logger - ERROR - Authentication error: Query execution failed: 'NoneType' object has no attribute 'execute'
2026-05-08 16:08:17,443 - utils.logger - ERROR - Login error: Query execution failed: 'NoneType' object has no attribute 'execute'
2026-05-08 16:09:33,477 - utils.logger - INFO - Starting Smart City Management System...
2026-05-08 16:09:33,477 - utils.logger - WARNING - PyODBC not available. Database operations will fail.
2026-05-08 16:09:33,477 - utils.logger - INFO - Database connection established
2026-05-08 16:09:33,519 - utils.logger - INFO - Application launched successfully
2026-05-08 16:09:51,717 - utils.logger - ERROR - Query execution failed: 'NoneType' object has no attribute 'execute'
2026-05-08 16:09:51,717 - utils.logger - ERROR - Authentication error: Query execution failed: 'NoneType' object has no attribute 'execute'
2026-05-08 16:09:51,718 - utils.logger - ERROR - Login error: Query execution failed: 'NoneType' object has no attribute 'execute'
2026-05-08 16:10:04,150 - utils.logger - ERROR - Query execution failed: 'NoneType' object has no attribute 'execute'
2026-05-08 16:10:04,151 - utils.logger - ERROR - Authentication error: Query execution failed: 'NoneType' object has no attribute 'execute'
2026-05-08 16:10:04,151 - utils.logger - ERROR - Login error: Query execution failed: 'NoneType' object has no attribute 'execute'
2026-05-08 16:10:07,578 - utils.logger - ERROR - Query execution failed: 'NoneType' object has no attribute 'execute'
2026-05-08 16:10:07,578 - utils.logger - ERROR - Authentication error: Query execution failed: 'NoneType' object has no attribute 'execute'
2026-05-08 16:10:07,578 - utils.logger - ERROR - Login error: Query execution failed: 'NoneType' object has no attribute 'execute'
2026-05-08 16:10:08,033 - utils.logger - ERROR - Query execution failed: 'NoneType' object has no attribute 'execute'
2026-05-08 16:10:08,033 - utils.logger - ERROR - Authentication error: Query execution failed: 'NoneType' object has no attribute 'execute'
2026-05-08 16:10:08,033 - utils.logger - ERROR - Login error: Query execution failed: 'NoneType' object has no attribute 'execute'
2026-05-08 16:10:08,397 - utils.logger - ERROR - Query execution failed: 'NoneType' object has no attribute 'execute'
2026-05-08 16:10:08,397 - utils.logger - ERROR - Authentication error: Query execution failed: 'NoneType' object has no attribute 'execute'
2026-05-08 16:10:08,397 - utils.logger - ERROR - Login error: Query execution failed: 'NoneType' object has no attribute 'execute'
2026-05-08 16:10:08,593 - utils.logger - ERROR - Query execution failed: 'NoneType' object has no attribute 'execute'
2026-05-08 16:10:08,593 - utils.logger - ERROR - Authentication error: Query execution failed: 'NoneType' object has no attribute 'execute'
2026-05-08 16:10:08,593 - utils.logger - ERROR - Login error: Query execution failed: 'NoneType' object has no attribute 'execute'
2026-05-08 16:10:08,782 - utils.logger - ERROR - Query execution failed: 'NoneType' object has no attribute 'execute'
2026-05-08 16:10:08,783 - utils.logger - ERROR - Authentication error: Query execution failed: 'NoneType' object has no attribute 'execute'
2026-05-08 16:10:08,783 - utils.logger - ERROR - Login error: Query execution failed: 'NoneType' object has no attribute 'execute'
2026-05-08 16:10:10,353 - utils.logger - ERROR - Query execution failed: 'NoneType' object has no attribute 'execute'
2026-05-08 16:10:10,353 - utils.logger - ERROR - Authentication error: Query execution failed: 'NoneType' object has no attribute 'execute'
2026-05-08 16:10:10,353 - utils.logger - ERROR - Login error: Query execution failed: 'NoneType' object has no attribute 'execute'
2026-05-08 16:10:10,738 - utils.logger - ERROR - Query execution failed: 'NoneType' object has no attribute 'execute'
2026-05-08 16:10:10,739 - utils.logger - ERROR - Authentication error: Query execution failed: 'NoneType' object has no attribute 'execute'
2026-05-08 16:10:10,739 - utils.logger - ERROR - Login error: Query execution failed: 'NoneType' object has no attribute 'execute'
2026-05-08 16:10:10,907 - utils.logger - ERROR - Query execution failed: 'NoneType' object has no attribute 'execute'
2026-05-08 16:10:10,907 - utils.logger - ERROR - Authentication error: Query execution failed: 'NoneType' object has no attribute 'execute'
2026-05-08 16:10:10,907 - utils.logger - ERROR - Login error: Query execution failed: 'NoneType' object has no attribute 'execute'
2026-05-08 16:10:11,089 - utils.logger - ERROR - Query execution failed: 'NoneType' object has no attribute 'execute'
2026-05-08 16:10:11,089 - utils.logger - ERROR - Authentication error: Query execution failed: 'NoneType' object has no attribute 'execute'
2026-05-08 16:10:11,089 - utils.logger - ERROR - Login error: Query execution failed: 'NoneType' object has no attribute 'execute'
2026-05-08 16:10:11,299 - utils.logger - ERROR - Query execution failed: 'NoneType' object has no attribute 'execute'
2026-05-08 16:10:11,299 - utils.logger - ERROR - Authentication error: Query execution failed: 'NoneType' object has no attribute 'execute'
2026-05-08 16:10:11,299 - utils.logger - ERROR - Login error: Query execution failed: 'NoneType' object has no attribute 'execute'
2026-05-08 16:10:11,502 - utils.logger - ERROR - Query execution failed: 'NoneType' object has no attribute 'execute'
2026-05-08 16:10:11,502 - utils.logger - ERROR - Authentication error: Query execution failed: 'NoneType' object has no attribute 'execute'
2026-05-08 16:10:11,502 - utils.logger - ERROR - Login error: Query execution failed: 'NoneType' object has no attribute 'execute'
2026-05-08 16:12:20,397 - utils.logger - INFO - Starting Smart City Management System...
2026-05-08 16:12:20,397 - utils.logger - WARNING - PyODBC not available. Database operations will fail.
2026-05-08 16:12:20,397 - utils.logger - INFO - Database connection established
2026-05-08 16:12:20,447 - utils.logger - INFO - Application launched successfully
2026-05-08 16:13:02,112 - utils.logger - INFO - Starting Smart City Management System...
2026-05-08 16:13:02,112 - utils.logger - WARNING - PyODBC not available. Database operations will fail.
2026-05-08 16:13:02,112 - utils.logger - INFO - Database connection established
2026-05-08 16:13:02,153 - utils.logger - INFO - Application launched successfully
2026-05-08 16:13:29,510 - utils.logger - ERROR - Query execution failed: 'NoneType' object has no attribute 'execute'
2026-05-08 16:13:29,510 - utils.logger - ERROR - Authentication error: Query execution failed: 'NoneType' object has no attribute 'execute'
2026-05-08 16:13:29,510 - utils.logger - ERROR - Login error: Query execution failed: 'NoneType' object has no attribute 'execute'
2026-05-08 16:20:32,901 - utils.logger - WARNING - PyODBC not available. Database operations will fail.
2026-05-08 16:20:33,853 - utils.logger - INFO - Test info message
2026-05-08 16:20:33,853 - utils.logger - WARNING - Test warning message
2026-05-08 16:20:33,853 - utils.logger - ERROR - Test error message
2026-05-08 16:22:17,020 - utils.logger - INFO - Starting Smart City Management System...
2026-05-08 16:22:17,021 - utils.logger - WARNING - PyODBC not available. Database operations will fail.
2026-05-08 16:22:17,021 - utils.logger - INFO - Database connection established
2026-05-08 16:22:17,167 - utils.logger - INFO - Application launched successfully
2026-05-08 16:22:39,838 - utils.logger - ERROR - Query execution failed: 'NoneType' object has no attribute 'execute'
2026-05-08 16:22:39,838 - utils.logger - ERROR - Authentication error: Query execution failed: 'NoneType' object has no attribute 'execute'
2026-05-08 16:22:39,838 - utils.logger - ERROR - Login error: Query execution failed: 'NoneType' object has no attribute 'execute'
2026-05-08 16:22:44,781 - utils.logger - INFO - User cancelled admin login and returned to role selector
2026-05-08 16:22:56,666 - utils.logger - ERROR - Authentication error: Unknown role: employee
2026-05-08 16:22:56,666 - utils.logger - WARNING - Failed login attempt for user: worker1
2026-05-08 16:23:12,050 - utils.logger - ERROR - Authentication error: Unknown role: employee
2026-05-08 16:23:12,050 - utils.logger - WARNING - Failed login attempt for user: worker1
2026-05-08 16:23:13,988 - utils.logger - ERROR - Authentication error: Unknown role: employee
2026-05-08 16:23:13,988 - utils.logger - WARNING - Failed login attempt for user: worker1
2026-05-08 16:23:14,939 - utils.logger - ERROR - Authentication error: Unknown role: employee
2026-05-08 16:23:14,939 - utils.logger - WARNING - Failed login attempt for user: worker1
2026-05-08 16:23:36,996 - utils.logger - ERROR - Authentication error: Unknown role: employee
2026-05-08 16:23:36,996 - utils.logger - WARNING - Failed login attempt for user: worker1
2026-05-08 16:23:39,127 - utils.logger - ERROR - Authentication error: Unknown role: employee
2026-05-08 16:23:39,127 - utils.logger - WARNING - Failed login attempt for user: worker1
2026-05-08 16:23:39,318 - utils.logger - ERROR - Authentication error: Unknown role: employee
2026-05-08 16:23:39,318 - utils.logger - WARNING - Failed login attempt for user: worker1
2026-05-08 16:23:39,500 - utils.logger - ERROR - Authentication error: Unknown role: employee
2026-05-08 16:23:39,500 - utils.logger - WARNING - Failed login attempt for user: worker1
2026-05-08 16:23:39,665 - utils.logger - ERROR - Authentication error: Unknown role: employee
2026-05-08 16:23:39,666 - utils.logger - WARNING - Failed login attempt for user: worker1
2026-05-08 16:23:39,841 - utils.logger - ERROR - Authentication error: Unknown role: employee
2026-05-08 16:23:39,841 - utils.logger - WARNING - Failed login attempt for user: worker1
2026-05-08 16:23:40,767 - utils.logger - ERROR - Authentication error: Unknown role: employee
2026-05-08 16:23:40,767 - utils.logger - WARNING - Failed login attempt for user: worker1
2026-05-08 16:23:41,152 - utils.logger - ERROR - Authentication error: Unknown role: employee
2026-05-08 16:23:41,152 - utils.logger - WARNING - Failed login attempt for user: worker1
2026-05-08 16:23:48,630 - utils.logger - INFO - User cancelled employee login and returned to role selector
2026-05-08 16:24:02,563 - utils.logger - ERROR - Query execution failed: 'NoneType' object has no attribute 'execute'
2026-05-08 16:24:02,563 - utils.logger - ERROR - Authentication error: Query execution failed: 'NoneType' object has no attribute 'execute'
2026-05-08 16:24:02,564 - utils.logger - ERROR - Login error: Query execution failed: 'NoneType' object has no attribute 'execute'
2026-05-08 16:25:46,032 - utils.logger - INFO - ✅ admin authenticated in DEV MODE
2026-05-08 16:25:46,032 - utils.logger - INFO - ✅ worker1 authenticated in DEV MODE
2026-05-08 16:25:46,032 - utils.logger - INFO - ✅ citizen1 authenticated in DEV MODE
2026-05-08 16:25:46,032 - utils.logger - ERROR - Authentication error: Invalid credentials
2026-05-08 16:27:41,876 - utils.logger - INFO - Starting Smart City Management System...
2026-05-08 16:27:41,876 - utils.logger - WARNING - PyODBC not available. Database operations will fail.
2026-05-08 16:27:41,877 - utils.logger - INFO - Database connection established
2026-05-08 16:27:42,013 - utils.logger - INFO - Application launched successfully
2026-05-08 16:27:52,888 - utils.logger - INFO - ✅ admin authenticated in DEV MODE
2026-05-08 16:27:52,888 - utils.logger - INFO - User admin (admin) logged in successfully
2026-05-08 16:28:13,388 - utils.logger - INFO - Admin logged out
2026-05-08 16:31:04,539 - utils.logger - INFO - ✅ admin authenticated in DEV MODE
2026-05-08 16:31:04,539 - utils.logger - INFO - ✅ worker1 authenticated in DEV MODE
2026-05-08 16:31:04,539 - utils.logger - INFO - ✅ officer1 authenticated in DEV MODE
2026-05-08 16:31:04,539 - utils.logger - INFO - ✅ citizen1 authenticated in DEV MODE
2026-05-08 17:18:03,576 - utils.logger - INFO - Starting Smart City Management System...
2026-05-08 17:18:03,576 - utils.logger - WARNING - PyODBC not available. Database operations will fail.
2026-05-08 17:18:03,577 - utils.logger - INFO - Database connection established
2026-05-08 17:18:03,717 - utils.logger - INFO - Application launched successfully
2026-05-08 17:18:13,653 - utils.logger - INFO - ✅ admin authenticated in DEV MODE
2026-05-08 17:18:13,654 - utils.logger - INFO - User admin (admin) logged in successfully
2026-05-08 17:18:20,660 - utils.logger - INFO - Complaints loaded successfully
2026-05-08 17:24:57,060 - utils.logger - INFO - Admin logged out
2026-05-08 17:25:12,755 - utils.logger - INFO - Starting Smart City Management System...
2026-05-08 17:25:12,756 - utils.logger - WARNING - PyODBC not available. Database operations will fail.
2026-05-08 17:25:12,756 - utils.logger - INFO - Database connection established
2026-05-08 17:25:12,894 - utils.logger - INFO - Application launched successfully
2026-05-08 17:25:26,809 - utils.logger - ERROR - Authentication error: Unknown role: employee
2026-05-08 17:25:26,810 - utils.logger - WARNING - Failed login attempt for user: worker1
2026-05-08 17:25:33,508 - utils.logger - ERROR - Authentication error: Unknown role: employee
2026-05-08 17:25:33,508 - utils.logger - WARNING - Failed login attempt for user: worker1
2026-05-08 17:25:41,401 - utils.logger - ERROR - Authentication error: Unknown role: employee
2026-05-08 17:25:41,402 - utils.logger - WARNING - Failed login attempt for user: worker1
2026-05-08 17:25:41,622 - utils.logger - ERROR - Authentication error: Unknown role: employee
2026-05-08 17:25:41,622 - utils.logger - WARNING - Failed login attempt for user: worker1
2026-05-08 17:25:41,805 - utils.logger - ERROR - Authentication error: Unknown role: employee
2026-05-08 17:25:41,805 - utils.logger - WARNING - Failed login attempt for user: worker1
2026-05-08 17:25:41,972 - utils.logger - ERROR - Authentication error: Unknown role: employee
2026-05-08 17:25:41,973 - utils.logger - WARNING - Failed login attempt for user: worker1
2026-05-08 17:25:42,136 - utils.logger - ERROR - Authentication error: Unknown role: employee
2026-05-08 17:25:42,136 - utils.logger - WARNING - Failed login attempt for user: worker1
2026-05-08 17:25:43,995 - utils.logger - INFO - User cancelled employee login and returned to role selector
2026-05-08 17:26:04,105 - utils.logger - INFO - ✅ citizen1 authenticated in DEV MODE
2026-05-08 17:26:04,106 - utils.logger - INFO - User citizen1 (citizen) logged in successfully
2026-05-08 17:26:04,913 - utils.logger - INFO - Loaded 3 complaints
2026-05-08 17:26:04,914 - utils.logger - INFO - Loaded 3 bills
2026-05-08 17:26:27,176 - utils.logger - INFO - Complaint submitted by Ali Khan: Moj masti
2026-05-08 17:26:28,824 - utils.logger - INFO - Loaded 3 complaints
2026-05-08 17:26:35,267 - utils.logger - INFO - Payment processed for Ali Khan
2026-05-08 17:26:37,742 - utils.logger - INFO - Loaded 3 bills
2026-05-08 17:26:39,856 - utils.logger - INFO - Ali Khan logged out
2026-05-08 17:26:44,009 - utils.logger - INFO - Starting Smart City Management System...
2026-05-08 17:26:44,009 - utils.logger - WARNING - PyODBC not available. Database operations will fail.
2026-05-08 17:26:44,009 - utils.logger - INFO - Database connection established
2026-05-08 17:26:44,154 - utils.logger - INFO - Application launched successfully
2026-05-08 17:26:57,294 - utils.logger - ERROR - Authentication error: Unknown role: employee
2026-05-08 17:26:57,294 - utils.logger - WARNING - Failed login attempt for user: worker1
2026-05-08 17:26:57,532 - utils.logger - ERROR - Authentication error: Unknown role: employee
2026-05-08 17:26:57,532 - utils.logger - WARNING - Failed login attempt for user: worker1
2026-05-08 17:27:40,468 - utils.logger - INFO - User cancelled employee login and returned to role selector
2026-05-08 17:27:49,569 - utils.logger - INFO - ✅ citizen1 authenticated in DEV MODE
2026-05-08 17:27:49,570 - utils.logger - INFO - User citizen1 (citizen) logged in successfully
2026-05-08 17:27:50,377 - utils.logger - INFO - Loaded 3 complaints
2026-05-08 17:27:50,377 - utils.logger - INFO - Loaded 3 bills
2026-05-08 17:29:40,542 - utils.logger - INFO - Payment processed for Ali Khan
2026-05-08 17:29:44,935 - utils.logger - INFO - Loaded 3 bills
2026-05-08 17:29:47,659 - utils.logger - INFO - Ali Khan logged out
